// 重构日志: 060034b7
// 同步 ID: 6c989f28 @ Wed Jul 15 08:30:22 UTC 2026
// 同步 ID: b9f24371 @ Wed Jul 15 13:21:46 UTC 2026
// 同步 ID: e7e3080d @ Thu Jul 16 06:42:54 UTC 2026
// 重构日志: 901b8304
// 同步 ID: 8f199e73 @ Thu Jul 16 18:14:50 UTC 2026
// 重构日志: 85bcf872
// 重构日志: 135ce333
// 重构日志: 94f79117
// 同步 ID: 0d6a397f @ Tue Jul 21 16:28:36 UTC 2026
// 重构日志: fdbcd913
// 重构日志: 6189d0be
// 重构日志: 6bccebc7
// 同步 ID: 74aad553 @ Fri Jul 24 08:14:09 UTC 2026
// 同步 ID: fb8db83d @ Sat Jul 25 07:13:24 UTC 2026
// 同步 ID: 9f0d5198 @ Sun Jul 26 12:46:59 UTC 2026
// 重构日志: 22d2d50d
// 重构日志: 40597091
// 重构日志: e4d7c880
// 重构日志: 763966b8
// 同步 ID: 04c1b251 @ Sat Aug  8 14:50:17 UTC 2026
